Archive member included because of file (symbol)

d:/eng/imt/avr/02-tools/03-imt sdk/03- imt sdk/03- imt sdk/imt_sdk_win_64/imt_sdk_win_64/winavr/bin/../lib/gcc/avr/4.3.3/avr5\libgcc.a(_udivmodsi4.o)
                              ./MCAL/TIMER/TIMER_program.o (__udivmodsi4)
d:/eng/imt/avr/02-tools/03-imt sdk/03- imt sdk/03- imt sdk/imt_sdk_win_64/imt_sdk_win_64/winavr/bin/../lib/gcc/avr/4.3.3/avr5\libgcc.a(_exit.o)
                              d:/eng/imt/avr/02-tools/03-imt sdk/03- imt sdk/03- imt sdk/imt_sdk_win_64/imt_sdk_win_64/winavr/bin/../lib/gcc/avr/4.3.3/../../../../avr/lib/avr5/crtm16.o (exit)
d:/eng/imt/avr/02-tools/03-imt sdk/03- imt sdk/03- imt sdk/imt_sdk_win_64/imt_sdk_win_64/winavr/bin/../lib/gcc/avr/4.3.3/avr5\libgcc.a(_copy_data.o)
                              ./Application/Application.o (__do_copy_data)
d:/eng/imt/avr/02-tools/03-imt sdk/03- imt sdk/03- imt sdk/imt_sdk_win_64/imt_sdk_win_64/winavr/bin/../lib/gcc/avr/4.3.3/avr5\libgcc.a(_clear_bss.o)
                              ./MCAL/TIMER/TIMER_program.o (__do_clear_bss)

Memory Configuration

Name             Origin             Length             Attributes
text             0x00000000         0x00020000         xr
data             0x00800060         0x0000ffa0         rw !x
eeprom           0x00810000         0x00010000         rw !x
fuse             0x00820000         0x00000400         rw !x
lock             0x00830000         0x00000400         rw !x
signature        0x00840000         0x00000400         rw !x
*default*        0x00000000         0xffffffff

Linker script and memory map

LOAD d:/eng/imt/avr/02-tools/03-imt sdk/03- imt sdk/03- imt sdk/imt_sdk_win_64/imt_sdk_win_64/winavr/bin/../lib/gcc/avr/4.3.3/../../../../avr/lib/avr5/crtm16.o
LOAD ./MCAL/TIMER/TIMER_program.o
LOAD ./MCAL/PORT/PORT_program.o
LOAD ./MCAL/GIE/GIE_program.o
LOAD ./MCAL/EXTI/EXTI_program.o
LOAD ./MCAL/DIO/DIO_program.o
LOAD ./HAL/LED_program.o
LOAD ./Application/Application.o
LOAD ./main.o
LOAD d:/eng/imt/avr/02-tools/03-imt sdk/03- imt sdk/03- imt sdk/imt_sdk_win_64/imt_sdk_win_64/winavr/bin/../lib/gcc/avr/4.3.3/avr5\libgcc.a
LOAD d:/eng/imt/avr/02-tools/03-imt sdk/03- imt sdk/03- imt sdk/imt_sdk_win_64/imt_sdk_win_64/winavr/bin/../lib/gcc/avr/4.3.3/../../../../avr/lib/avr5\libc.a
LOAD d:/eng/imt/avr/02-tools/03-imt sdk/03- imt sdk/03- imt sdk/imt_sdk_win_64/imt_sdk_win_64/winavr/bin/../lib/gcc/avr/4.3.3/avr5\libgcc.a

.hash
 *(.hash)

.dynsym
 *(.dynsym)

.dynstr
 *(.dynstr)

.gnu.version
 *(.gnu.version)

.gnu.version_d
 *(.gnu.version_d)

.gnu.version_r
 *(.gnu.version_r)

.rel.init
 *(.rel.init)

.rela.init
 *(.rela.init)

.rel.text
 *(.rel.text)
 *(.rel.text.*)
 *(.rel.gnu.linkonce.t*)

.rela.text
 *(.rela.text)
 *(.rela.text.*)
 *(.rela.gnu.linkonce.t*)

.rel.fini
 *(.rel.fini)

.rela.fini
 *(.rela.fini)

.rel.rodata
 *(.rel.rodata)
 *(.rel.rodata.*)
 *(.rel.gnu.linkonce.r*)

.rela.rodata
 *(.rela.rodata)
 *(.rela.rodata.*)
 *(.rela.gnu.linkonce.r*)

.rel.data
 *(.rel.data)
 *(.rel.data.*)
 *(.rel.gnu.linkonce.d*)

.rela.data
 *(.rela.data)
 *(.rela.data.*)
 *(.rela.gnu.linkonce.d*)

.rel.ctors
 *(.rel.ctors)

.rela.ctors
 *(.rela.ctors)

.rel.dtors
 *(.rel.dtors)

.rela.dtors
 *(.rela.dtors)

.rel.got
 *(.rel.got)

.rela.got
 *(.rela.got)

.rel.bss
 *(.rel.bss)

.rela.bss
 *(.rela.bss)

.rel.plt
 *(.rel.plt)

.rela.plt
 *(.rela.plt)

.text           0x00000000     0x18a6
 *(.vectors)
 .vectors       0x00000000       0x54 d:/eng/imt/avr/02-tools/03-imt sdk/03- imt sdk/03- imt sdk/imt_sdk_win_64/imt_sdk_win_64/winavr/bin/../lib/gcc/avr/4.3.3/../../../../avr/lib/avr5/crtm16.o
                0x00000000                __vectors
                0x00000000                __vector_default
 *(.vectors)
 *(.progmem.gcc*)
 *(.progmem*)
                0x00000054                . = ALIGN (0x2)
                0x00000054                __trampolines_start = .
 *(.trampolines)
 .trampolines   0x00000054        0x0 linker stubs
 *(.trampolines*)
                0x00000054                __trampolines_end = .
 *(.jumptables)
 *(.jumptables*)
 *(.lowtext)
 *(.lowtext*)
                0x00000054                __ctors_start = .
 *(.ctors)
                0x00000054                __ctors_end = .
                0x00000054                __dtors_start = .
 *(.dtors)
                0x00000054                __dtors_end = .
 SORT(*)(.ctors)
 SORT(*)(.dtors)
 *(.init0)
 .init0         0x00000054        0x0 d:/eng/imt/avr/02-tools/03-imt sdk/03- imt sdk/03- imt sdk/imt_sdk_win_64/imt_sdk_win_64/winavr/bin/../lib/gcc/avr/4.3.3/../../../../avr/lib/avr5/crtm16.o
                0x00000054                __init
 *(.init0)
 *(.init1)
 *(.init1)
 *(.init2)
 .init2         0x00000054        0xc d:/eng/imt/avr/02-tools/03-imt sdk/03- imt sdk/03- imt sdk/imt_sdk_win_64/imt_sdk_win_64/winavr/bin/../lib/gcc/avr/4.3.3/../../../../avr/lib/avr5/crtm16.o
 *(.init2)
 *(.init3)
 *(.init3)
 *(.init4)
 .init4         0x00000060       0x16 d:/eng/imt/avr/02-tools/03-imt sdk/03- imt sdk/03- imt sdk/imt_sdk_win_64/imt_sdk_win_64/winavr/bin/../lib/gcc/avr/4.3.3/avr5\libgcc.a(_copy_data.o)
                0x00000060                __do_copy_data
 .init4         0x00000076       0x10 d:/eng/imt/avr/02-tools/03-imt sdk/03- imt sdk/03- imt sdk/imt_sdk_win_64/imt_sdk_win_64/winavr/bin/../lib/gcc/avr/4.3.3/avr5\libgcc.a(_clear_bss.o)
                0x00000076                __do_clear_bss
 *(.init4)
 *(.init5)
 *(.init5)
 *(.init6)
 *(.init6)
 *(.init7)
 *(.init7)
 *(.init8)
 *(.init8)
 *(.init9)
 .init9         0x00000086        0x8 d:/eng/imt/avr/02-tools/03-imt sdk/03- imt sdk/03- imt sdk/imt_sdk_win_64/imt_sdk_win_64/winavr/bin/../lib/gcc/avr/4.3.3/../../../../avr/lib/avr5/crtm16.o
 *(.init9)
 *(.text)
 .text          0x0000008e        0x4 d:/eng/imt/avr/02-tools/03-imt sdk/03- imt sdk/03- imt sdk/imt_sdk_win_64/imt_sdk_win_64/winavr/bin/../lib/gcc/avr/4.3.3/../../../../avr/lib/avr5/crtm16.o
                0x0000008e                __vector_12
                0x0000008e                __bad_interrupt
                0x0000008e                __vector_6
                0x0000008e                __vector_13
                0x0000008e                __vector_17
                0x0000008e                __vector_19
                0x0000008e                __vector_7
                0x0000008e                __vector_5
                0x0000008e                __vector_4
                0x0000008e                __vector_9
                0x0000008e                __vector_15
                0x0000008e                __vector_8
                0x0000008e                __vector_14
                0x0000008e                __vector_10
                0x0000008e                __vector_16
                0x0000008e                __vector_18
                0x0000008e                __vector_20
 .text          0x00000092        0x0 ./MCAL/TIMER/TIMER_program.o
 .text          0x00000092        0x0 ./MCAL/PORT/PORT_program.o
 .text          0x00000092        0x0 ./MCAL/GIE/GIE_program.o
 .text          0x00000092        0x0 ./MCAL/EXTI/EXTI_program.o
 .text          0x00000092        0x0 ./MCAL/DIO/DIO_program.o
 .text          0x00000092        0x0 ./HAL/LED_program.o
 .text          0x00000092        0x0 ./Application/Application.o
 .text          0x00000092        0x0 ./main.o
 .text          0x00000092        0x0 d:/eng/imt/avr/02-tools/03-imt sdk/03- imt sdk/03- imt sdk/imt_sdk_win_64/imt_sdk_win_64/winavr/bin/../lib/gcc/avr/4.3.3/avr5\libgcc.a(_udivmodsi4.o)
 .text          0x00000092        0x0 d:/eng/imt/avr/02-tools/03-imt sdk/03- imt sdk/03- imt sdk/imt_sdk_win_64/imt_sdk_win_64/winavr/bin/../lib/gcc/avr/4.3.3/avr5\libgcc.a(_exit.o)
 .text          0x00000092        0x0 d:/eng/imt/avr/02-tools/03-imt sdk/03- imt sdk/03- imt sdk/imt_sdk_win_64/imt_sdk_win_64/winavr/bin/../lib/gcc/avr/4.3.3/avr5\libgcc.a(_copy_data.o)
 .text          0x00000092        0x0 d:/eng/imt/avr/02-tools/03-imt sdk/03- imt sdk/03- imt sdk/imt_sdk_win_64/imt_sdk_win_64/winavr/bin/../lib/gcc/avr/4.3.3/avr5\libgcc.a(_clear_bss.o)
                0x00000092                . = ALIGN (0x2)
 *(.text.*)
 .text.TIMER0_u8IntEnable
                0x00000092       0x1c ./MCAL/TIMER/TIMER_program.o
                0x00000092                TIMER0_u8IntEnable
 .text.TIMER0_u8IntDisable
                0x000000ae       0x1c ./MCAL/TIMER/TIMER_program.o
                0x000000ae                TIMER0_u8IntDisable
 .text.TIMER0_u8Init
                0x000000ca       0x3e ./MCAL/TIMER/TIMER_program.o
                0x000000ca                TIMER0_u8Init
 .text.TIMER0_u8Stop
                0x00000108       0x38 ./MCAL/TIMER/TIMER_program.o
                0x00000108                TIMER0_u8Stop
 .text.TIMER0_u8SetPreScaler
                0x00000140      0x150 ./MCAL/TIMER/TIMER_program.o
                0x00000140                TIMER0_u8SetPreScaler
 .text.TIMER0_u8DelayBusyWait
                0x00000290      0x1fc ./MCAL/TIMER/TIMER_program.o
                0x00000290                TIMER0_u8DelayBusyWait
 .text.TIMER0_u8DelayInt
                0x0000048c      0x16a ./MCAL/TIMER/TIMER_program.o
                0x0000048c                TIMER0_u8DelayInt
 .text.TIMER0_u8IntSetCallBack
                0x000005f6       0x3a ./MCAL/TIMER/TIMER_program.o
                0x000005f6                TIMER0_u8IntSetCallBack
 .text.__vector_11
                0x00000630       0xba ./MCAL/TIMER/TIMER_program.o
                0x00000630                __vector_11
 .text.PORT_voidInit
                0x000006ea       0x46 ./MCAL/PORT/PORT_program.o
                0x000006ea                PORT_voidInit
 .text.GIE_viodEnable
                0x00000730       0x1c ./MCAL/GIE/GIE_program.o
                0x00000730                GIE_viodEnable
 .text.GIE_viodDisable
                0x0000074c       0x1c ./MCAL/GIE/GIE_program.o
                0x0000074c                GIE_viodDisable
 .text.EXTI_u8IntEnable
                0x00000768       0x7c ./MCAL/EXTI/EXTI_program.o
                0x00000768                EXTI_u8IntEnable
 .text.EXTI_u8IntDisable
                0x000007e4       0x7c ./MCAL/EXTI/EXTI_program.o
                0x000007e4                EXTI_u8IntDisable
 .text.EXTI_voidInt0Init
                0x00000860       0x38 ./MCAL/EXTI/EXTI_program.o
                0x00000860                EXTI_voidInt0Init
 .text.EXTI_u8Int0SetSenseControl
                0x00000898       0x36 ./MCAL/EXTI/EXTI_program.o
                0x00000898                EXTI_u8Int0SetSenseControl
 .text.EXTI_u8Int0SetCallBack
                0x000008ce       0x3a ./MCAL/EXTI/EXTI_program.o
                0x000008ce                EXTI_u8Int0SetCallBack
 .text.__vector_1
                0x00000908       0x66 ./MCAL/EXTI/EXTI_program.o
                0x00000908                __vector_1
 .text.EXTI_voidInt1Init
                0x0000096e       0x38 ./MCAL/EXTI/EXTI_program.o
                0x0000096e                EXTI_voidInt1Init
 .text.EXTI_u8Int1SetSenseControl
                0x000009a6       0x36 ./MCAL/EXTI/EXTI_program.o
                0x000009a6                EXTI_u8Int1SetSenseControl
 .text.EXTI_u8Int1SetCallBack
                0x000009dc       0x3a ./MCAL/EXTI/EXTI_program.o
                0x000009dc                EXTI_u8Int1SetCallBack
 .text.__vector_2
                0x00000a16       0x66 ./MCAL/EXTI/EXTI_program.o
                0x00000a16                __vector_2
 .text.EXTI_voidInt2Init
                0x00000a7c       0x2a ./MCAL/EXTI/EXTI_program.o
                0x00000a7c                EXTI_voidInt2Init
 .text.EXTI_u8Int2SetSenseControl
                0x00000aa6       0x28 ./MCAL/EXTI/EXTI_program.o
                0x00000aa6                EXTI_u8Int2SetSenseControl
 .text.EXTI_u8Int2SetCallBack
                0x00000ace       0x3a ./MCAL/EXTI/EXTI_program.o
                0x00000ace                EXTI_u8Int2SetCallBack
 .text.__vector_3
                0x00000b08       0x66 ./MCAL/EXTI/EXTI_program.o
                0x00000b08                __vector_3
 .text.DIO_u8SetPinValue
                0x00000b6e      0x224 ./MCAL/DIO/DIO_program.o
                0x00000b6e                DIO_u8SetPinValue
 .text.DIO_u8SetPortValue
                0x00000d92       0x90 ./MCAL/DIO/DIO_program.o
                0x00000d92                DIO_u8SetPortValue
 .text.DIO_u8GetPinValue
                0x00000e22      0x136 ./MCAL/DIO/DIO_program.o
                0x00000e22                DIO_u8GetPinValue
 .text.DIO_u8GetPortValue
                0x00000f58       0xb4 ./MCAL/DIO/DIO_program.o
                0x00000f58                DIO_u8GetPortValue
 .text.LED_u8TurnOn
                0x0000100c      0x17c ./HAL/LED_program.o
                0x0000100c                LED_u8TurnOn
 .text.LED_u8TurnOff
                0x00001188      0x17c ./HAL/LED_program.o
                0x00001188                LED_u8TurnOff
 .text.LED_voidToggle
                0x00001304       0xc6 ./HAL/LED_program.o
                0x00001304                LED_voidToggle
 .text.AppInit  0x000013ca       0x3e ./Application/Application.o
                0x000013ca                AppInit
 .text.AppStart
                0x00001408       0x12 ./Application/Application.o
                0x00001408                AppStart
 .text.IntISR   0x0000141a      0x27e ./Application/Application.o
                0x0000141a                IntISR
 .text.NormalMode
                0x00001698      0x1b4 ./Application/Application.o
                0x00001698                NormalMode
 .text.main     0x0000184c       0x12 ./main.o
                0x0000184c                main
 .text.libgcc   0x0000185e       0x44 d:/eng/imt/avr/02-tools/03-imt sdk/03- imt sdk/03- imt sdk/imt_sdk_win_64/imt_sdk_win_64/winavr/bin/../lib/gcc/avr/4.3.3/avr5\libgcc.a(_udivmodsi4.o)
                0x0000185e                __udivmodsi4
 .text.libgcc   0x000018a2        0x0 d:/eng/imt/avr/02-tools/03-imt sdk/03- imt sdk/03- imt sdk/imt_sdk_win_64/imt_sdk_win_64/winavr/bin/../lib/gcc/avr/4.3.3/avr5\libgcc.a(_exit.o)
 .text.libgcc   0x000018a2        0x0 d:/eng/imt/avr/02-tools/03-imt sdk/03- imt sdk/03- imt sdk/imt_sdk_win_64/imt_sdk_win_64/winavr/bin/../lib/gcc/avr/4.3.3/avr5\libgcc.a(_copy_data.o)
 .text.libgcc   0x000018a2        0x0 d:/eng/imt/avr/02-tools/03-imt sdk/03- imt sdk/03- imt sdk/imt_sdk_win_64/imt_sdk_win_64/winavr/bin/../lib/gcc/avr/4.3.3/avr5\libgcc.a(_clear_bss.o)
                0x000018a2                . = ALIGN (0x2)
 *(.fini9)
 .fini9         0x000018a2        0x0 d:/eng/imt/avr/02-tools/03-imt sdk/03- imt sdk/03- imt sdk/imt_sdk_win_64/imt_sdk_win_64/winavr/bin/../lib/gcc/avr/4.3.3/avr5\libgcc.a(_exit.o)
                0x000018a2                exit
                0x000018a2                _exit
 *(.fini9)
 *(.fini8)
 *(.fini8)
 *(.fini7)
 *(.fini7)
 *(.fini6)
 *(.fini6)
 *(.fini5)
 *(.fini5)
 *(.fini4)
 *(.fini4)
 *(.fini3)
 *(.fini3)
 *(.fini2)
 *(.fini2)
 *(.fini1)
 *(.fini1)
 *(.fini0)
 .fini0         0x000018a2        0x4 d:/eng/imt/avr/02-tools/03-imt sdk/03- imt sdk/03- imt sdk/imt_sdk_win_64/imt_sdk_win_64/winavr/bin/../lib/gcc/avr/4.3.3/avr5\libgcc.a(_exit.o)
 *(.fini0)
                0x000018a6                _etext = .

.data           0x00800060       0x14 load address 0x000018a6
                0x00800060                PROVIDE (__data_start, .)
 *(.data)
 .data          0x00800060        0x0 d:/eng/imt/avr/02-tools/03-imt sdk/03- imt sdk/03- imt sdk/imt_sdk_win_64/imt_sdk_win_64/winavr/bin/../lib/gcc/avr/4.3.3/../../../../avr/lib/avr5/crtm16.o
 .data          0x00800060        0x0 ./MCAL/TIMER/TIMER_program.o
 .data          0x00800060        0x0 ./MCAL/PORT/PORT_program.o
 .data          0x00800060        0x0 ./MCAL/GIE/GIE_program.o
 .data          0x00800060        0x0 ./MCAL/EXTI/EXTI_program.o
 .data          0x00800060        0x0 ./MCAL/DIO/DIO_program.o
 .data          0x00800060        0x0 ./HAL/LED_program.o
 .data          0x00800060        0x0 ./Application/Application.o
 .data          0x00800060        0x0 ./main.o
 .data          0x00800060        0x0 d:/eng/imt/avr/02-tools/03-imt sdk/03- imt sdk/03- imt sdk/imt_sdk_win_64/imt_sdk_win_64/winavr/bin/../lib/gcc/avr/4.3.3/avr5\libgcc.a(_udivmodsi4.o)
 .data          0x00800060        0x0 d:/eng/imt/avr/02-tools/03-imt sdk/03- imt sdk/03- imt sdk/imt_sdk_win_64/imt_sdk_win_64/winavr/bin/../lib/gcc/avr/4.3.3/avr5\libgcc.a(_exit.o)
 .data          0x00800060        0x0 d:/eng/imt/avr/02-tools/03-imt sdk/03- imt sdk/03- imt sdk/imt_sdk_win_64/imt_sdk_win_64/winavr/bin/../lib/gcc/avr/4.3.3/avr5\libgcc.a(_copy_data.o)
 .data          0x00800060        0x0 d:/eng/imt/avr/02-tools/03-imt sdk/03- imt sdk/03- imt sdk/imt_sdk_win_64/imt_sdk_win_64/winavr/bin/../lib/gcc/avr/4.3.3/avr5\libgcc.a(_clear_bss.o)
 *(.data*)
 .data.CarLight
                0x00800060        0x1 ./Application/Application.o
                0x00800060                CarLight
 .data.CarLight_Last
                0x00800061        0x1 ./Application/Application.o
                0x00800061                CarLight_Last
 .data.LED_GREEN_CARS
                0x00800062        0x3 ./Application/Application.o
                0x00800062                LED_GREEN_CARS
 .data.LED_YELLOW_CARS
                0x00800065        0x3 ./Application/Application.o
                0x00800065                LED_YELLOW_CARS
 .data.LED_RED_CARS
                0x00800068        0x3 ./Application/Application.o
                0x00800068                LED_RED_CARS
 .data.LED_GREEN_PEDESTRIAN
                0x0080006b        0x3 ./Application/Application.o
                0x0080006b                LED_GREEN_PEDESTRIAN
 .data.LED_YELLOW_PEDESTRIAN
                0x0080006e        0x3 ./Application/Application.o
                0x0080006e                LED_YELLOW_PEDESTRIAN
 .data.LED_RED_PEDESTRIAN
                0x00800071        0x3 ./Application/Application.o
                0x00800071                LED_RED_PEDESTRIAN
 *(.rodata)
 *(.rodata*)
 *(.gnu.linkonce.d*)
                0x00800074                . = ALIGN (0x2)
                0x00800074                _edata = .
                0x00800074                PROVIDE (__data_end, .)

.bss            0x00800074       0x10
                0x00800074                PROVIDE (__bss_start, .)
 *(.bss)
 .bss           0x00800074        0x0 d:/eng/imt/avr/02-tools/03-imt sdk/03- imt sdk/03- imt sdk/imt_sdk_win_64/imt_sdk_win_64/winavr/bin/../lib/gcc/avr/4.3.3/../../../../avr/lib/avr5/crtm16.o
 .bss           0x00800074        0x0 ./MCAL/TIMER/TIMER_program.o
 .bss           0x00800074        0x0 ./MCAL/PORT/PORT_program.o
 .bss           0x00800074        0x0 ./MCAL/GIE/GIE_program.o
 .bss           0x00800074        0x0 ./MCAL/EXTI/EXTI_program.o
 .bss           0x00800074        0x0 ./MCAL/DIO/DIO_program.o
 .bss           0x00800074        0x0 ./HAL/LED_program.o
 .bss           0x00800074        0x0 ./Application/Application.o
 .bss           0x00800074        0x0 ./main.o
 .bss           0x00800074        0x0 d:/eng/imt/avr/02-tools/03-imt sdk/03- imt sdk/03- imt sdk/imt_sdk_win_64/imt_sdk_win_64/winavr/bin/../lib/gcc/avr/4.3.3/avr5\libgcc.a(_udivmodsi4.o)
 .bss           0x00800074        0x0 d:/eng/imt/avr/02-tools/03-imt sdk/03- imt sdk/03- imt sdk/imt_sdk_win_64/imt_sdk_win_64/winavr/bin/../lib/gcc/avr/4.3.3/avr5\libgcc.a(_exit.o)
 .bss           0x00800074        0x0 d:/eng/imt/avr/02-tools/03-imt sdk/03- imt sdk/03- imt sdk/imt_sdk_win_64/imt_sdk_win_64/winavr/bin/../lib/gcc/avr/4.3.3/avr5\libgcc.a(_copy_data.o)
 .bss           0x00800074        0x0 d:/eng/imt/avr/02-tools/03-imt sdk/03- imt sdk/03- imt sdk/imt_sdk_win_64/imt_sdk_win_64/winavr/bin/../lib/gcc/avr/4.3.3/avr5\libgcc.a(_clear_bss.o)
 *(.bss*)
 .bss.TIMER0_pvIntFunc
                0x00800074        0x2 ./MCAL/TIMER/TIMER_program.o
                0x00800074                TIMER0_pvIntFunc
 .bss.OverFlowCounter
                0x00800076        0x4 ./MCAL/TIMER/TIMER_program.o
                0x00800076                OverFlowCounter
 .bss.Local_u8Counter.1449
                0x0080007a        0x4 ./MCAL/TIMER/TIMER_program.o
 .bss.EXTI_pvInt0Func
                0x0080007e        0x2 ./MCAL/EXTI/EXTI_program.o
                0x0080007e                EXTI_pvInt0Func
 .bss.EXTI_pvInt1Func
                0x00800080        0x2 ./MCAL/EXTI/EXTI_program.o
                0x00800080                EXTI_pvInt1Func
 .bss.EXTI_pvInt2Func
                0x00800082        0x2 ./MCAL/EXTI/EXTI_program.o
                0x00800082                EXTI_pvInt2Func
 *(COMMON)
                0x00800084                PROVIDE (__bss_end, .)
                0x000018a6                __data_load_start = LOADADDR (.data)
                0x000018ba                __data_load_end = (__data_load_start + SIZEOF (.data))

.noinit         0x00800084        0x0
                0x00800084                PROVIDE (__noinit_start, .)
 *(.noinit*)
                0x00800084                PROVIDE (__noinit_end, .)
                0x00800084                _end = .
                0x00800084                PROVIDE (__heap_start, .)

.eeprom         0x00810000        0x0
 *(.eeprom*)
                0x00810000                __eeprom_end = .

.fuse
 *(.fuse)
 *(.lfuse)
 *(.hfuse)
 *(.efuse)

.lock
 *(.lock*)

.signature
 *(.signature*)

.stab           0x00000000     0x258c
 *(.stab)
 .stab          0x00000000      0x7e0 ./MCAL/TIMER/TIMER_program.o
 .stab          0x000007e0      0x1d4 ./MCAL/PORT/PORT_program.o
                                0x1e0 (size before relaxing)
 .stab          0x000009b4      0x1b0 ./MCAL/GIE/GIE_program.o
                                0x1bc (size before relaxing)
 .stab          0x00000b64      0x774 ./MCAL/EXTI/EXTI_program.o
                                0x780 (size before relaxing)
 .stab          0x000012d8      0x534 ./MCAL/DIO/DIO_program.o
                                0x540 (size before relaxing)
 .stab          0x0000180c      0x498 ./HAL/LED_program.o
                                0x4a4 (size before relaxing)
 .stab          0x00001ca4      0x7e0 ./Application/Application.o
                                0x7ec (size before relaxing)
 .stab          0x00002484      0x108 ./main.o
                                0x114 (size before relaxing)

.stabstr        0x00000000      0xbfa
 *(.stabstr)
 .stabstr       0x00000000      0xbfa ./MCAL/TIMER/TIMER_program.o

.stab.excl
 *(.stab.excl)

.stab.exclstr
 *(.stab.exclstr)

.stab.index
 *(.stab.index)

.stab.indexstr
 *(.stab.indexstr)

.comment
 *(.comment)

.debug
 *(.debug)

.line
 *(.line)

.debug_srcinfo
 *(.debug_srcinfo)

.debug_sfnames
 *(.debug_sfnames)

.debug_aranges
 *(.debug_aranges)

.debug_pubnames
 *(.debug_pubnames)

.debug_info
 *(.debug_info)
 *(.gnu.linkonce.wi.*)

.debug_abbrev
 *(.debug_abbrev)

.debug_line
 *(.debug_line)

.debug_frame
 *(.debug_frame)

.debug_str
 *(.debug_str)

.debug_loc
 *(.debug_loc)

.debug_macinfo
 *(.debug_macinfo)
OUTPUT(Traffic_Light.elf elf32-avr)
LOAD linker stubs
